[udemo-html.netlify.app/index.html]
[backblue.gif]
[fade.gif]
[index.html]
[udemo-html.netlify.app/assets/images/logo/favourite_icon.png]
[udemo-html.netlify.app/assets/css/bootstrap.min.css]
[udemo-html.netlify.app/assets/css/fontawesome.css]
[udemo-html.netlify.app/assets/css/cursor.css]
[udemo-html.netlify.app/assets/css/animate.css]
[udemo-html.netlify.app/demo_assets/css/style.css]
[udemo-html.netlify.app/assets/images/logo/site_logo.png]
[udemo-html.netlify.app/demo_assets/images/feature/logo_html.png]
[udemo-html.netlify.app/demo_assets/images/feature/logo_css3.png]
[udemo-html.netlify.app/demo_assets/images/feature/logo_sass.png]
[udemo-html.netlify.app/demo_assets/images/feature/logo_bootstrap.png]
[udemo-html.netlify.app/demo_assets/images/feature/logo_jquery.png]
[udemo-html.netlify.app/demo_assets/images/demo/demo_home_v3.jpg]
[udemo-html.netlify.app/demo_assets/images/demo/demo_home_v2.jpg]
[udemo-html.netlify.app/demo_assets/images/demo/demo_home_v5.jpg]
[udemo-html.netlify.app/demo_assets/images/demo/demo_home_v4.jpg]
[udemo-html.netlify.app/index_5.html]
[udemo-html.netlify.app/index_1.html]
[udemo-html.netlify.app/index_2.html]
[udemo-html.netlify.app/index_3.html]
[udemo-html.netlify.app/index_4.html]
[udemo-html.netlify.app/demo_assets/images/responsive_layout_image.png]
[udemo-html.netlify.app/about.html]
[udemo-html.netlify.app/demo_assets/images/inner_demos/about_page_img.jpg]
[udemo-html.netlify.app/category.html]
[udemo-html.netlify.app/demo_assets/images/inner_demos/category_page_img.jpg]
[udemo-html.netlify.app/contact.html]
[udemo-html.netlify.app/demo_assets/images/inner_demos/contact_page_img.jpg]
[udemo-html.netlify.app/course.html]
[udemo-html.netlify.app/demo_assets/images/inner_demos/course_page_img.jpg]
[udemo-html.netlify.app/course_details.html]
[udemo-html.netlify.app/demo_assets/images/inner_demos/course_details_page_img.jpg]
[udemo-html.netlify.app/instructor.html]
[udemo-html.netlify.app/demo_assets/images/inner_demos/instructor_page_img.jpg]
[udemo-html.netlify.app/demo_assets/images/inner_demos/blog_page_img.jpg]
[udemo-html.netlify.app/blog_details.html]
[udemo-html.netlify.app/demo_assets/images/inner_demos/blog_details_page_img.jpg]
[udemo-html.netlify.app/demo_assets/images/inner_demos/event_details_page_img.jpg]
[udemo-html.netlify.app/membership.html]
[udemo-html.netlify.app/demo_assets/images/inner_demos/membership_form_page_img.jpg]
[udemo-html.netlify.app/login.html]
[udemo-html.netlify.app/demo_assets/images/inner_demos/login_page_img.jpg]
[udemo-html.netlify.app/signup.html]
[udemo-html.netlify.app/demo_assets/images/inner_demos/signup_page_img.jpg]
[udemo-html.netlify.app/demo_assets/images/blog/blogs_page_img.jpg]
[udemo-html.netlify.app/demo_assets/images/blog/blog_details_page_img.jpg]
[udemo-html.netlify.app/demo_assets/images/blog/blog_comment_img.jpg]
[udemo-html.netlify.app/demo_assets/images/feature/logo_font_awesome.png]
[udemo-html.netlify.app/demo_assets/images/feature/logo_google_fonts.png]
[udemo-html.netlify.app/demo_assets/images/feature/logo_slick.png]
[udemo-html.netlify.app/demo_assets/images/feature/logo_seo.png]
[udemo-html.netlify.app/demo_assets/images/feature/logo_magnific_popup.jpg]
[udemo-html.netlify.app/demo_assets/images/feature/logo_animate_css.png]
[udemo-html.netlify.app/demo_assets/images/feature/logo_mouse_cursor.png]
[udemo-html.netlify.app/demo_assets/images/feature/logo_tilt_js.png]
[udemo-html.netlify.app/demo_assets/images/feature/logo_mouse_move_parallax.png]
[udemo-html.netlify.app/demo_assets/images/feature/logo_scroll_parallax.png]
[udemo-html.netlify.app/demo_assets/images/feature/logo_wow_js.png]
[udemo-html.netlify.app/demo_assets/images/feature/logo_counterup_js.png]
[udemo-html.netlify.app/demo_assets/images/feature/logo_transition.png]
[udemo-html.netlify.app/demo_assets/images/feature/logo_fast_load.png]
[udemo-html.netlify.app/demo_assets/images/feature/logo_responsive.png]
[udemo-html.netlify.app/demo_assets/images/feature/logo_clean_code.png]
[udemo-html.netlify.app/demo_assets/images/feature/logo_documentation.png]
[udemo-html.netlify.app/demo_assets/images/feature/logo_support.png]
[udemo-html.netlify.app/assets/js/jquery.min.js]
[udemo-html.netlify.app/assets/js/popper.min.js]
[udemo-html.netlify.app/assets/js/bootstrap.min.js]
[udemo-html.netlify.app/assets/js/bootstrap-dropdown-ml-hack.js]
[udemo-html.netlify.app/assets/js/cursor.js]
[udemo-html.netlify.app/assets/js/tilt.min.js]
[udemo-html.netlify.app/demo_assets/js/type.js]
[udemo-html.netlify.app/assets/js/parallax.min.js]
[udemo-html.netlify.app/demo_assets/js/particles.min.js]
[udemo-html.netlify.app/demo_assets/js/easing.min.js]
[udemo-html.netlify.app/demo_assets/js/scrollspy.js]
[udemo-html.netlify.app/assets/js/wow.min.js]
[udemo-html.netlify.app/index.html]
[udemo-html.netlify.app/assets/css/bootstrap.min.css]
[udemo-html.netlify.app/demo_assets/js/main.js]
[udemo-html.netlify.app/index-2.html]
[udemo-html.netlify.app/assets/fonts/fa-brands-400.ttf]
[udemo-html.netlify.app/assets/fonts/fa-light-300.ttf]
[udemo-html.netlify.app/assets/fonts/fa-regular-400.ttf]
[udemo-html.netlify.app/assets/fonts/fa-solid-900.ttf]
[udemo-html.netlify.app/assets/css/fontawesome.css]
[udemo-html.netlify.app/assets/css/cursor.css]
[udemo-html.netlify.app/assets/css/animate.css]
[udemo-html.netlify.app/demo_assets/css/style.css]
[udemo-html.netlify.app/demo_assets/images/demo/demo_home_v1.jpg]
[udemo-html.netlify.app/assets/css/slick.css]
[udemo-html.netlify.app/assets/css/magnific-popup.css]
[udemo-html.netlify.app/assets/css/style.css]
[udemo-html.netlify.app/assets/images/icons/icon_medal.png]
[udemo-html.netlify.app/assets/images/icons/icon_graduation.png]
[udemo-html.netlify.app/assets/images/icons/decoration_img_7.png]
[udemo-html.netlify.app/assets/images/icons/decoration_img_1.png]
[udemo-html.netlify.app/assets/images/icons/decoration_img_4.png]
[udemo-html.netlify.app/assets/images/icons/decoration_img_2.png]
[udemo-html.netlify.app/assets/images/icons/decoration_img_5.png]
[udemo-html.netlify.app/assets/images/icons/decoration_img_6.png]
[udemo-html.netlify.app/assets/images/icons/decoration_img_3.png]
[udemo-html.netlify.app/assets/images/video/video_image.jpg]
[udemo-html.netlify.app/assets/images/icons/man_img_2.png]
[udemo-html.netlify.app/assets/images/icons/man_img_1.png]
[udemo-html.netlify.app/assets/images/sponsors/sponsor_logo_1.png]
[udemo-html.netlify.app/assets/images/sponsors/sponsor_logo_2.png]
[udemo-html.netlify.app/assets/images/sponsors/sponsor_logo_3.png]
[udemo-html.netlify.app/assets/images/sponsors/sponsor_logo_4.png]
[udemo-html.netlify.app/assets/images/sponsors/sponsor_logo_5.png]
[udemo-html.netlify.app/assets/images/shapes/dot_shape_3.png]
[udemo-html.netlify.app/assets/images/icons/icon_test_tube.png]
[udemo-html.netlify.app/assets/images/icons/icon_calendar.png]
[udemo-html.netlify.app/assets/images/icons/icon_design.png]
[udemo-html.netlify.app/assets/images/course/course_img_1.jpg]
[udemo-html.netlify.app/assets/images/course/course_img_2.jpg]
[udemo-html.netlify.app/assets/images/course/course_img_3.jpg]
[udemo-html.netlify.app/assets/images/course/course_img_5.jpg]
[udemo-html.netlify.app/assets/images/course/course_img_6.jpg]
[udemo-html.netlify.app/assets/images/course/course_img_8.jpg]
[udemo-html.netlify.app/assets/images/shapes/shape_3.png]
[udemo-html.netlify.app/assets/images/shapes/line_shape_3.png]
[udemo-html.netlify.app/assets/images/shapes/dot_shape_5.png]
[udemo-html.netlify.app/assets/images/testimonial/testimonial_img_1.jpg]
[udemo-html.netlify.app/assets/images/icons/icon_chat.png]
[udemo-html.netlify.app/assets/images/shapes/dot_shape_2.png]
[udemo-html.netlify.app/assets/images/shapes/line_shape_1.png]
[udemo-html.netlify.app/assets/images/blogs/blog_img_1.jpg]
[udemo-html.netlify.app/assets/images/blogs/blog_img_2.jpg]
[udemo-html.netlify.app/assets/images/blogs/blog_img_3.jpg]
[udemo-html.netlify.app/assets/images/app_store.png]
[udemo-html.netlify.app/assets/images/google_play.png]
[udemo-html.netlify.app/assets/js/slick.min.js]
[udemo-html.netlify.app/assets/js/parallax-scroll.js]
[udemo-html.netlify.app/assets/js/magnific-popup.min.js]
[udemo-html.netlify.app/assets/js/waypoint.js]
[udemo-html.netlify.app/assets/js/counterup.min.js]
[udemo-html.netlify.app/index_5.html]
[udemo-html.netlify.app/assets/js/main.js]
[udemo-html.netlify.app/assets/images/banner/banner_img_1.png]
[udemo-html.netlify.app/assets/images/banner/banner_img_2.png]
[udemo-html.netlify.app/assets/images/banner/banner_img_3.png]
[udemo-html.netlify.app/assets/images/shapes/shape_1.png]
[udemo-html.netlify.app/assets/images/shapes/shape_2.png]
[udemo-html.netlify.app/assets/images/shapes/line_shape_2.png]
[udemo-html.netlify.app/assets/images/shapes/line_shape_4.png]
[udemo-html.netlify.app/assets/images/shapes/shape_5.png]
[udemo-html.netlify.app/index_1.html]
[udemo-html.netlify.app/assets/images/shapes/shape_6.png]
[udemo-html.netlify.app/assets/images/banner/banner_img_4.png]
[udemo-html.netlify.app/assets/images/icons/icon_online_education_2.png]
[udemo-html.netlify.app/assets/images/icons/icon_globe.png]
[udemo-html.netlify.app/assets/images/icons/icon_online_education_1.png]
[udemo-html.netlify.app/assets/images/shapes/shape_7.png]
[udemo-html.netlify.app/assets/images/shapes/shape_8.png]
[udemo-html.netlify.app/assets/images/shapes/dot_shape_6.png]
[udemo-html.netlify.app/assets/images/shapes/dot_shape_7.png]
[udemo-html.netlify.app/assets/images/icons/icon_science.png]
[udemo-html.netlify.app/assets/images/icons/icon_rocket.png]
[udemo-html.netlify.app/assets/images/icons/icon_space.png]
[udemo-html.netlify.app/assets/images/icons/icon_microscope.png]
[udemo-html.netlify.app/assets/images/meta/thumbnail_img_2.png]
[udemo-html.netlify.app/assets/images/shapes/shape_11.png]
[udemo-html.netlify.app/assets/images/shapes/shape_12.png]
[udemo-html.netlify.app/assets/images/shapes/shape_13.png]
[udemo-html.netlify.app/assets/images/events/event_img_3.png]
[udemo-html.netlify.app/index_2.html]
[udemo-html.netlify.app/assets/images/banner/banner_img_5.jpg]
[udemo-html.netlify.app/index_3.html]
[udemo-html.netlify.app/assets/images/shapes/shapes_group_1.png]
[udemo-html.netlify.app/assets/images/banner/banner_img_6.png]
[udemo-html.netlify.app/assets/images/banner/banner_img_7.png]
[udemo-html.netlify.app/assets/images/shapes/shape_14.png]
[udemo-html.netlify.app/assets/images/shapes/shape_15.png]
[udemo-html.netlify.app/assets/images/category/category_img_1.png]
[udemo-html.netlify.app/assets/images/category/category_img_2.png]
[udemo-html.netlify.app/assets/images/category/category_img_3.png]
[udemo-html.netlify.app/assets/images/category/category_img_4.png]
[udemo-html.netlify.app/assets/images/shapes/shape_16.png]
[udemo-html.netlify.app/index_4.html]
[udemo-html.netlify.app/assets/images/shapes/dot_shape_8.png]
[udemo-html.netlify.app/assets/images/about/about_img_1.jpg]
[udemo-html.netlify.app/assets/images/about/about_img_3.jpg]
[udemo-html.netlify.app/about.html]
[udemo-html.netlify.app/category.html]
[udemo-html.netlify.app/assets/images/icons/icon_support.png]
[udemo-html.netlify.app/contact.html]
[udemo-html.netlify.app/course.html]
[udemo-html.netlify.app/assets/images/course/course_details_img.jpg]
[udemo-html.netlify.app/assets/images/course/course_small_img_1.png]
[udemo-html.netlify.app/assets/images/course/course_small_img_2.png]
[udemo-html.netlify.app/assets/images/course/course_small_img_3.png]
[udemo-html.netlify.app/course_details.html]
[udemo-html.netlify.app/assets/images/instructor/instructor_img_1.jpg]
[udemo-html.netlify.app/assets/images/instructor/instructor_img_2.jpg]
[udemo-html.netlify.app/assets/images/instructor/instructor_img_3.jpg]
[udemo-html.netlify.app/assets/images/instructor/instructor_img_4.jpg]
[udemo-html.netlify.app/assets/images/instructor/instructor_img_5.jpg]
[udemo-html.netlify.app/assets/images/instructor/instructor_img_6.jpg]
[udemo-html.netlify.app/assets/images/instructor/instructor_img_7.jpg]
[udemo-html.netlify.app/assets/images/instructor/instructor_img_8.jpg]
[udemo-html.netlify.app/instructor.html]
[udemo-html.netlify.app/blog.html]
[udemo-html.netlify.app/assets/images/blogs/blog_img_6.jpg]
[udemo-html.netlify.app/assets/images/blogs/small_blog_image_1.png]
[udemo-html.netlify.app/assets/images/blogs/small_blog_image_2.png]
[udemo-html.netlify.app/assets/images/blogs/small_blog_image_3.png]
[udemo-html.netlify.app/assets/images/banner/advertisement_banner_img_1.jpg]
[udemo-html.netlify.app/blog_details.html]
[udemo-html.netlify.app/membership.html]
[udemo-html.netlify.app/login.html]
[udemo-html.netlify.app/signup.html]
[udemo-html.netlify.app/index-2.html]
[udemo-html.netlify.app/assets/css/slick.css]
[udemo-html.netlify.app/assets/css/magnific-popup.css]
[udemo-html.netlify.app/assets/css/style.css]
[udemo-html.netlify.app/assets/images/icons/icon_search_2.svg]
[udemo-html.netlify.app/assets/images/icons/icon_briefcase.png]
[udemo-html.netlify.app/assets/images/icons/icon_video_tutorial.png]
[udemo-html.netlify.app/assets/images/course/course_img_4.jpg]
[udemo-html.netlify.app/event_details.html]
[udemo-html.netlify.app/assets/images/course/course_img_7.jpg]
[udemo-html.netlify.app/assets/images/shapes/dot_shape_4.png]
[udemo-html.netlify.app/assets/images/icons/icon_search.svg]
[udemo-html.netlify.app/assets/images/logo/site_logo_white.png]
[udemo-html.netlify.app/assets/images/shapes/shape_4.png]
[udemo-html.netlify.app/assets/images/banner/banner_img_4.png]
[udemo-html.netlify.app/assets/images/shapes/shape_10.png]
[udemo-html.netlify.app/assets/images/shapes/shape_9.png]
[udemo-html.netlify.app/assets/images/meta/thumbnail_img_1.png]
[udemo-html.netlify.app/assets/images/events/event_img_1.png]
[udemo-html.netlify.app/assets/images/events/event_img_2.png]
[udemo-html.netlify.app/assets/images/about/about_img_2.jpg]
[udemo-html.netlify.app/assets/images/icons/icon_email.png]
[udemo-html.netlify.app/assets/images/blogs/blog_img_5.jpg]
[udemo-html.netlify.app/blog.html]
[udemo-html.netlify.app/assets/images/events/event_details_img_1.jpg]
[udemo-html.netlify.app/event_details.html]
